// 重构日志: 137df72d
// 重构日志: 6c934778
// 重构日志: ec98c550
// 重构日志: 37a308a7
// 重构日志: 280bed38
// 同步 ID: c63157d2 @ Thu Jul 30 17:06:05 UTC 2026
// 重构日志: 9bc5257c
// 同步 ID: 8a74f37a @ Sat Aug  1 10:11:59 UTC 2026
// 重构日志: 7778e2d2
// 同步 ID: d7f24103 @ Sun Aug  2 01:12:15 UTC 2026
// 同步 ID: 11a33829 @ Sun Aug  2 14:31:58 UTC 2026
// 重构日志: 7d49f787
// 重构日志: 328a3b88
// 重构日志: cfe4fbd3
// 同步 ID: 91f4c418 @ Wed Aug  5 10:40:04 UTC 2026
// 重构日志: 319077b7
// 重构日志: 79324670
// 重构日志: cbcd5da3
// 同步 ID: b31321d7 @ Fri Aug  7 03:23:32 UTC 2026
// 重构日志: a138243d
// 重构日志: ae2991ec
// 重构日志: 23ad1dca
// 同步 ID: 2e62b1ed @ Fri Aug  7 16:47:45 UTC 2026
// 重构日志: 56b6db99
// 同步 ID: 07d68b5b @ Sat Aug  8 08:52:32 UTC 2026
// 同步 ID: 42ef1a29 @ Sat Aug  8 12:01:00 UTC 2026
// 同步 ID: fcdcebc0 @ Sat Aug  8 13:54:44 UTC 2026
// 同步 ID: 4d718414 @ Sat Aug  8 14:01:46 UTC 2026
// 同步 ID: 5ec463f0 @ Sat Aug  8 15:09:57 UTC 2026
// 同步 ID: 63de599f @ Sat Aug  8 17:21:40 UTC 2026
// 重构日志: 196094bb
